# --json (full report)
Ancestry[].CPUPercent number
Ancestry[].Capabilities[] string
Ancestry[].Children[] number
Ancestry[].Cmdline string
Ancestry[].Command string
Ancestry[].Container string
Ancestry[].ContainerHealthcheck string
Ancestry[].ContainerID string
Ancestry[].ContainerRuntime string
Ancestry[].Env[] string
Ancestry[].Exe string
Ancestry[].ExeDeleted bool
Ancestry[].FDCount number
Ancestry[].FDLimit number
Ancestry[].FileDescs[] string
Ancestry[].Forked string
Ancestry[].GitBranch string
Ancestry[].GitRepo string
Ancestry[].Health string
Ancestry[].IO.ReadBytes number
Ancestry[].IO.ReadOps number
Ancestry[].IO.WriteBytes number
Ancestry[].IO.WriteOps number
Ancestry[].IntegrityLevel string
Ancestry[].Memory.Data number
Ancestry[].Memory.Dirty number
Ancestry[].Memory.Lib number
Ancestry[].Memory.RSS number
Ancestry[].Memory.RSSMB number
Ancestry[].Memory.Shared number
Ancestry[].Memory.Text number
Ancestry[].Memory.VMS number
Ancestry[].Memory.VMSMB number
Ancestry[].MemoryPercent number
Ancestry[].MemoryRSS number
Ancestry[].PID number
Ancestry[].PPID number
Ancestry[].ParentExited bool
Ancestry[].SecurityLabel string
Ancestry[].SecurityModule string
Ancestry[].Service string
Ancestry[].Sockets[].Address string
Ancestry[].Sockets[].Inode string
Ancestry[].Sockets[].Port number
Ancestry[].Sockets[].Protocol string
Ancestry[].Sockets[].RemoteAddress string
Ancestry[].Sockets[].RemotePort number
Ancestry[].Sockets[].State string
Ancestry[].StartedAt string
Ancestry[].ThreadCount number
Ancestry[].User string
Ancestry[].WorkingDir string
Children[].CPUPercent number
Children[].Capabilities[] string
Children[].Children[] number
Children[].Cmdline string
Children[].Command string
Children[].Container string
Children[].ContainerHealthcheck string
Children[].ContainerID string
Children[].ContainerRuntime string
Children[].Env[] string
Children[].Exe string
Children[].ExeDeleted bool
Children[].FDCount number
Children[].FDLimit number
Children[].FileDescs[] string
Children[].Forked string
Children[].GitBranch string
Children[].GitRepo string
Children[].Health string
Children[].IO.ReadBytes number
Children[].IO.ReadOps number
Children[].IO.WriteBytes number
Children[].IO.WriteOps number
Children[].IntegrityLevel string
Children[].Memory.Data number
Children[].Memory.Dirty number
Children[].Memory.Lib number
Children[].Memory.RSS number
Children[].Memory.RSSMB number
Children[].Memory.Shared number
Children[].Memory.Text number
Children[].Memory.VMS number
Children[].Memory.VMSMB number
Children[].MemoryPercent number
Children[].MemoryRSS number
Children[].PID number
Children[].PPID number
Children[].ParentExited bool
Children[].SecurityLabel string
Children[].SecurityModule string
Children[].Service string
Children[].Sockets[].Address string
Children[].Sockets[].Inode string
Children[].Sockets[].Port number
Children[].Sockets[].Protocol string
Children[].Sockets[].RemoteAddress string
Children[].Sockets[].RemotePort number
Children[].Sockets[].State string
Children[].StartedAt string
Children[].ThreadCount number
Children[].User string
Children[].WorkingDir string
Container.Command string
Container.ComposeConfigFile string
Container.ComposeProject string
Container.ComposeService string
Container.ComposeWorkingDir string
Container.CreatedAt string
Container.Health string
Container.ID string
Container.Image string
Container.Mounts string
Container.Name string
Container.Networks string
Container.Ports string
Container.RestartCount number
Container.RestartPolicy string
Container.Runtime string
Container.StartedAt string
Container.State string
Container.Status string
FileContext.FileLimit number
FileContext.LockedFiles[] string
FileContext.OpenFiles number
Process.CPUPercent number
Process.Capabilities[] string
Process.Children[] number
Process.Cmdline string
Process.Command string
Process.Container string
Process.ContainerHealthcheck string
Process.ContainerID string
Process.ContainerRuntime string
Process.Env[] string
Process.Exe string
Process.ExeDeleted bool
Process.FDCount number
Process.FDLimit number
Process.FileDescs[] string
Process.Forked string
Process.GitBranch string
Process.GitRepo string
Process.Health string
Process.IO.ReadBytes number
Process.IO.ReadOps number
Process.IO.WriteBytes number
Process.IO.WriteOps number
Process.IntegrityLevel string
Process.Memory.Data number
Process.Memory.Dirty number
Process.Memory.Lib number
Process.Memory.RSS number
Process.Memory.RSSMB number
Process.Memory.Shared number
Process.Memory.Text number
Process.Memory.VMS number
Process.Memory.VMSMB number
Process.MemoryPercent number
Process.MemoryRSS number
Process.PID number
Process.PPID number
Process.ParentExited bool
Process.SecurityLabel string
Process.SecurityModule string
Process.Service string
Process.Sockets[].Address string
Process.Sockets[].Inode string
Process.Sockets[].Port number
Process.Sockets[].Protocol string
Process.Sockets[].RemoteAddress string
Process.Sockets[].RemotePort number
Process.Sockets[].State string
Process.StartedAt string
Process.ThreadCount number
Process.User string
Process.WorkingDir string
ResolvedTarget string
ResourceContext.AppNapped bool
ResourceContext.CPUUsage number
ResourceContext.EnergyImpact string
ResourceContext.MemoryUsage number
ResourceContext.PreventsSleep bool
ResourceContext.ThermalState string
RestartCount number
SocketInfo.Explanation string
SocketInfo.LocalAddr string
SocketInfo.Port number
SocketInfo.RemoteAddr string
SocketInfo.State string
SocketInfo.Workaround string
Source.Description string
Source.Details.* string
Source.Name string
Source.Type string
Source.UnitFile string
Target.Type string
Target.Value string
Warnings[] string

# --short --json
[].Command string
[].PID number
[].PPID number
[].ParentExited bool

# --tree --json
Ancestry[].Command string
Ancestry[].PID number
Ancestry[].PPID number
Ancestry[].ParentExited bool
Children[].Command string
Children[].PID number
Children[].PPID number
Children[].ParentExited bool

# --warnings --json
Command string
PID number
Process string
Warnings[] string

# --env --json
Command string
Env[] string
PID number
Process string

# container view
Chain[] string
Command string
ComposeConfigFile string
ComposeProject string
ComposeService string
ComposeWorkingDir string
ContainerID string
ContainerName string
CreatedAt string
Health string
Image string
Mounts string
Networks string
Note string
Ports string
RestartCount number
RestartPolicy string
Runtime string
Source string
StartedAt string
State string
Status string
Target string

# failed lookup
Error string
Target.Type string
Target.Value string

# ambiguous process
Error string
Matches[].Cmdline string
Matches[].Command string
Matches[].PID number
Target.Type string
Target.Value string

# ambiguous container
Error string
Matches[].Command string
Matches[].ComposeConfigFile string
Matches[].ComposeProject string
Matches[].ComposeService string
Matches[].ComposeWorkingDir string
Matches[].CreatedAt string
Matches[].Health string
Matches[].ID string
Matches[].Image string
Matches[].Mounts string
Matches[].Name string
Matches[].Networks string
Matches[].Ports string
Matches[].RestartCount number
Matches[].RestartPolicy string
Matches[].Runtime string
Matches[].StartedAt string
Matches[].State string
Matches[].Status string
Target.Type string
Target.Value string

